// Jest Snapshot v1, https://goo.gl/fbAQLP

exports[`reservation REST should create a user and make a reservation 1`] = `
Object {
  "__v": 0,
  "_id": "5ac744d78fa5850f3343d225",
  "paid": false,
  "reservedUntil": "2018-04-06T10:01:47.201Z",
  "user": Object {
    "__v": 0,
    "_id": "5ac744d78fa5850f3343d224",
    "email": "user@user.com",
    "password": "$2a$10$OGdYdw09iDIuu6Twb.Ybt.rPwBRtw7rj4tq1vpe2AidEhrrBQoMxi",
  },
}
`;
